C:\DonPersonal\JavaProjects\FujiWalker\main\BoardBuilder.java
C:\DonPersonal\JavaProjects\FujiWalker\main\BoardCounter.java
C:\DonPersonal\JavaProjects\FujiWalker\main\BoardEvaluator.java
C:\DonPersonal\JavaProjects\FujiWalker\main\BoardFilter.java
C:\DonPersonal\JavaProjects\FujiWalker\main\BoardState.java
C:\DonPersonal\JavaProjects\FujiWalker\main\BoardTracker.java
C:\DonPersonal\JavaProjects\FujiWalker\main\BoardWalker.java
C:\DonPersonal\JavaProjects\FujiWalker\main\BoardWriter.java
C:\DonPersonal\JavaProjects\FujiWalker\main\ForwardStepper.java
C:\DonPersonal\JavaProjects\FujiWalker\main\FujiDriver.java
C:\DonPersonal\JavaProjects\FujiWalker\main\FujiFinder.java
C:\DonPersonal\JavaProjects\FujiWalker\main\FujiSwapper.java
C:\DonPersonal\JavaProjects\FujiWalker\main\FujiWalker.java
C:\DonPersonal\JavaProjects\FujiWalker\main\IBoardListener.java
C:\DonPersonal\JavaProjects\FujiWalker\main\IEvaluator.java
C:\DonPersonal\JavaProjects\FujiWalker\main\ISolutionListener.java
C:\DonPersonal\JavaProjects\FujiWalker\main\IState.java
C:\DonPersonal\JavaProjects\FujiWalker\main\IStepper.java
C:\DonPersonal\JavaProjects\FujiWalker\main\ISuitListener.java
C:\DonPersonal\JavaProjects\FujiWalker\main\MoveGrid.java
C:\DonPersonal\JavaProjects\FujiWalker\main\NullBoardListener.java
C:\DonPersonal\JavaProjects\FujiWalker\main\SearchBatch.java
C:\DonPersonal\JavaProjects\FujiWalker\main\SideStepper.java
C:\DonPersonal\JavaProjects\FujiWalker\main\SolutionHistogram.java
C:\DonPersonal\JavaProjects\FujiWalker\main\SolutionOptimizer.java
C:\DonPersonal\JavaProjects\FujiWalker\main\SolutionPublisher.java
C:\DonPersonal\JavaProjects\FujiWalker\main\SolutionWriter.java
C:\DonPersonal\JavaProjects\FujiWalker\main\StatusTracker.java
C:\DonPersonal\JavaProjects\FujiWalker\main\Suit.java
C:\DonPersonal\JavaProjects\FujiWalker\test\BoardCounterTest.java
C:\DonPersonal\JavaProjects\FujiWalker\test\BoardEvaluatorTest.java
C:\DonPersonal\JavaProjects\FujiWalker\test\BoardFactory.java
C:\DonPersonal\JavaProjects\FujiWalker\test\BoardFilterTest.java
C:\DonPersonal\JavaProjects\FujiWalker\test\BoardStateTest.java
C:\DonPersonal\JavaProjects\FujiWalker\test\BoardWalkerTest.java
C:\DonPersonal\JavaProjects\FujiWalker\test\ForwardStepperTest.java
C:\DonPersonal\JavaProjects\FujiWalker\test\MockOutput.aj
C:\DonPersonal\JavaProjects\FujiWalker\test\MockOutputTest.java
C:\DonPersonal\JavaProjects\FujiWalker\test\MoveGridTest.java
C:\DonPersonal\JavaProjects\FujiWalker\test\SideStepperTest.java
C:\DonPersonal\JavaProjects\FujiWalker\test\SolutionHistogramTest.java
C:\DonPersonal\JavaProjects\FujiWalker\test\SolutionOptimizerTest.java
C:\DonPersonal\JavaProjects\FujiWalker\test\SolutionPublisherTest.java
C:\DonPersonal\JavaProjects\FujiWalker\test\SolutionWriterTest.java
C:\DonPersonal\JavaProjects\FujiWalker\test\SuitTest.java
C:\DonPersonal\JavaProjects\FujiWalker\test\Tracing.aj
